------------------------------------------------------------
TimeQuest Timing Analyzer Summary
------------------------------------------------------------

Type  : Slow Model Setup 'state.S3'
Slack : -4.113
TNS   : -28.948

Type  : Slow Model Setup 'enter'
Slack : 0.734
TNS   : 0.000

Type  : Slow Model Hold 'enter'
Slack : -2.422
TNS   : -5.900

Type  : Slow Model Hold 'state.S3'
Slack : 1.571
TNS   : 0.000

Type  : Slow Model Minimum Pulse Width 'enter'
Slack : -1.380
TNS   : -5.380

Type  : Slow Model Minimum Pulse Width 'state.S0'
Slack : 0.500
TNS   : 0.000

Type  : Slow Model Minimum Pulse Width 'state.S1'
Slack : 0.500
TNS   : 0.000

Type  : Slow Model Minimum Pulse Width 'state.S2'
Slack : 0.500
TNS   : 0.000

Type  : Slow Model Minimum Pulse Width 'state.S3'
Slack : 0.500
TNS   : 0.000

Type  : Fast Model Setup 'state.S3'
Slack : -1.445
TNS   : -9.762

Type  : Fast Model Setup 'enter'
Slack : 0.949
TNS   : 0.000

Type  : Fast Model Hold 'enter'
Slack : -1.552
TNS   : -4.325

Type  : Fast Model Hold 'state.S3'
Slack : 0.660
TNS   : 0.000

Type  : Fast Model Minimum Pulse Width 'enter'
Slack : -1.380
TNS   : -5.380

Type  : Fast Model Minimum Pulse Width 'state.S0'
Slack : 0.500
TNS   : 0.000

Type  : Fast Model Minimum Pulse Width 'state.S1'
Slack : 0.500
TNS   : 0.000

Type  : Fast Model Minimum Pulse Width 'state.S2'
Slack : 0.500
TNS   : 0.000

Type  : Fast Model Minimum Pulse Width 'state.S3'
Slack : 0.500
TNS   : 0.000

------------------------------------------------------------
